2025-07-28 10:16:44,135 - masks - DEBUG - Начало маскирования карты: 7000792289606361
2025-07-28 10:16:44,136 - masks - INFO - Успешное маскирование карты. Результат: 7000 79** **** 6361
2025-07-28 10:16:44,137 - masks - DEBUG - Начало маскирования карты: 0000000000000000
2025-07-28 10:16:44,137 - masks - INFO - Успешное маскирование карты. Результат: 0000 00** **** 0000
2025-07-28 10:16:44,139 - masks - DEBUG - Начало маскирования карты: 1234567812345678
2025-07-28 10:16:44,139 - masks - INFO - Успешное маскирование карты. Результат: 1234 56** **** 5678
2025-07-28 10:16:44,140 - masks - DEBUG - Начало маскирования карты: None
2025-07-28 10:16:44,140 - masks - ERROR - Номер карты не может быть None
2025-07-28 10:16:44,140 - masks - ERROR - Ошибка при маскировании карты: Номер карты не может быть None
Traceback (most recent call last):
  File "C:\Users\Nikita\PycharmProjects\private_banking_portal\src\masks.py", line 15, in get_mask_card_number
    raise ValueError(error_msg)
ValueError: Номер карты не может быть None
2025-07-28 10:16:44,143 - masks - DEBUG - Начало маскирования карты: 
2025-07-28 10:16:44,143 - masks - ERROR - Номер карты должен состоять из 16 цифр
2025-07-28 10:16:44,143 - masks - ERROR - Ошибка при маскировании карты: Номер карты должен состоять из 16 цифр
Traceback (most recent call last):
  File "C:\Users\Nikita\PycharmProjects\private_banking_portal\src\masks.py", line 20, in get_mask_card_number
    raise ValueError(error_msg)
ValueError: Номер карты должен состоять из 16 цифр
2025-07-28 10:16:44,145 - masks - DEBUG - Начало маскирования карты: 1234
2025-07-28 10:16:44,145 - masks - ERROR - Номер карты должен состоять из 16 цифр
2025-07-28 10:16:44,145 - masks - ERROR - Ошибка при маскировании карты: Номер карты должен состоять из 16 цифр
Traceback (most recent call last):
  File "C:\Users\Nikita\PycharmProjects\private_banking_portal\src\masks.py", line 20, in get_mask_card_number
    raise ValueError(error_msg)
ValueError: Номер карты должен состоять из 16 цифр
2025-07-28 10:16:44,147 - masks - DEBUG - Начало маскирования карты: abcdefghijklmnop
2025-07-28 10:16:44,147 - masks - ERROR - Номер карты должен состоять из 16 цифр
2025-07-28 10:16:44,147 - masks - ERROR - Ошибка при маскировании карты: Номер карты должен состоять из 16 цифр
Traceback (most recent call last):
  File "C:\Users\Nikita\PycharmProjects\private_banking_portal\src\masks.py", line 20, in get_mask_card_number
    raise ValueError(error_msg)
ValueError: Номер карты должен состоять из 16 цифр
2025-07-28 10:16:44,149 - masks - DEBUG - Начало маскирования карты: 123456781234567890
2025-07-28 10:16:44,149 - masks - ERROR - Номер карты должен состоять из 16 цифр
2025-07-28 10:16:44,149 - masks - ERROR - Ошибка при маскировании карты: Номер карты должен состоять из 16 цифр
Traceback (most recent call last):
  File "C:\Users\Nikita\PycharmProjects\private_banking_portal\src\masks.py", line 20, in get_mask_card_number
    raise ValueError(error_msg)
ValueError: Номер карты должен состоять из 16 цифр
2025-07-28 10:16:44,151 - masks - DEBUG - Начало маскирования счета: 7000792289606361
2025-07-28 10:16:44,151 - masks - INFO - Успешное маскирование счета. Результат: **6361
2025-07-28 10:16:44,153 - masks - DEBUG - Начало маскирования счета: 00000000
2025-07-28 10:16:44,153 - masks - INFO - Успешное маскирование счета. Результат: **0000
2025-07-28 10:16:44,154 - masks - DEBUG - Начало маскирования счета: 123456
2025-07-28 10:16:44,154 - masks - INFO - Успешное маскирование счета. Результат: **3456
2025-07-28 10:16:44,156 - masks - DEBUG - Начало маскирования счета: 12345678901234567890
2025-07-28 10:16:44,156 - masks - INFO - Успешное маскирование счета. Результат: **7890
2025-07-28 10:16:44,158 - masks - DEBUG - Начало маскирования счета: None
2025-07-28 10:16:44,158 - masks - ERROR - Номер счета не может быть None
2025-07-28 10:16:44,158 - masks - ERROR - Ошибка при маскировании счета: Номер счета не может быть None
Traceback (most recent call last):
  File "C:\Users\Nikita\PycharmProjects\private_banking_portal\src\masks.py", line 40, in get_mask_account
    raise ValueError(error_msg)
ValueError: Номер счета не может быть None
2025-07-28 10:16:44,160 - masks - DEBUG - Начало маскирования счета: 
2025-07-28 10:16:44,160 - masks - ERROR - Номер счета должен состоять из цифр
2025-07-28 10:16:44,160 - masks - ERROR - Ошибка при маскировании счета: Номер счета должен состоять из цифр
Traceback (most recent call last):
  File "C:\Users\Nikita\PycharmProjects\private_banking_portal\src\masks.py", line 45, in get_mask_account
    raise ValueError(error_msg)
ValueError: Номер счета должен состоять из цифр
2025-07-28 10:16:44,162 - masks - DEBUG - Начало маскирования счета: 1234
2025-07-28 10:16:44,162 - masks - ERROR - Номер счета должен состоять из цифр
2025-07-28 10:16:44,162 - masks - ERROR - Ошибка при маскировании счета: Номер счета должен состоять из цифр
Traceback (most recent call last):
  File "C:\Users\Nikita\PycharmProjects\private_banking_portal\src\masks.py", line 45, in get_mask_account
    raise ValueError(error_msg)
ValueError: Номер счета должен состоять из цифр
2025-07-28 10:16:44,164 - masks - DEBUG - Начало маскирования счета: abcd
2025-07-28 10:16:44,164 - masks - ERROR - Номер счета должен состоять из цифр
2025-07-28 10:16:44,164 - masks - ERROR - Ошибка при маскировании счета: Номер счета должен состоять из цифр
Traceback (most recent call last):
  File "C:\Users\Nikita\PycharmProjects\private_banking_portal\src\masks.py", line 45, in get_mask_account
    raise ValueError(error_msg)
ValueError: Номер счета должен состоять из цифр
2025-07-28 10:16:44,166 - masks - DEBUG - Начало маскирования счета: 1234-5678
2025-07-28 10:16:44,166 - masks - ERROR - Номер счета должен состоять из цифр
2025-07-28 10:16:44,166 - masks - ERROR - Ошибка при маскировании счета: Номер счета должен состоять из цифр
Traceback (most recent call last):
  File "C:\Users\Nikita\PycharmProjects\private_banking_portal\src\masks.py", line 45, in get_mask_account
    raise ValueError(error_msg)
ValueError: Номер счета должен состоять из цифр
2025-07-28 10:16:44,168 - masks - DEBUG - Начало маскирования счета: 12 3456
2025-07-28 10:16:44,168 - masks - ERROR - Номер счета должен состоять из цифр
2025-07-28 10:16:44,168 - masks - ERROR - Ошибка при маскировании счета: Номер счета должен состоять из цифр
Traceback (most recent call last):
  File "C:\Users\Nikita\PycharmProjects\private_banking_portal\src\masks.py", line 45, in get_mask_account
    raise ValueError(error_msg)
ValueError: Номер счета должен состоять из цифр
2025-07-28 10:16:44,170 - masks - DEBUG - Начало маскирования счета: 12345
2025-07-28 10:16:44,170 - masks - ERROR - Номер счета должен состоять из цифр
2025-07-28 10:16:44,170 - masks - ERROR - Ошибка при маскировании счета: Номер счета должен состоять из цифр
Traceback (most recent call last):
  File "C:\Users\Nikita\PycharmProjects\private_banking_portal\src\masks.py", line 45, in get_mask_account
    raise ValueError(error_msg)
ValueError: Номер счета должен состоять из цифр
2025-07-28 10:16:44,171 - masks - DEBUG - Начало маскирования счета: 123.456
2025-07-28 10:16:44,171 - masks - ERROR - Номер счета должен состоять из цифр
2025-07-28 10:16:44,172 - masks - ERROR - Ошибка при маскировании счета: Номер счета должен состоять из цифр
Traceback (most recent call last):
  File "C:\Users\Nikita\PycharmProjects\private_banking_portal\src\masks.py", line 45, in get_mask_account
    raise ValueError(error_msg)
ValueError: Номер счета должен состоять из цифр
2025-07-28 10:16:44,173 - masks - DEBUG - Начало маскирования счета: 123456
2025-07-28 10:16:44,173 - masks - INFO - Успешное маскирование счета. Результат: **3456
2025-07-28 10:16:44,535 - masks - DEBUG - Начало маскирования карты: 7000792289606361
2025-07-28 10:16:44,535 - masks - INFO - Успешное маскирование карты. Результат: 7000 79** **** 6361
2025-07-28 10:16:44,537 - masks - DEBUG - Начало маскирования карты: 1234567812345678
2025-07-28 10:16:44,537 - masks - INFO - Успешное маскирование карты. Результат: 1234 56** **** 5678
2025-07-28 10:16:44,539 - masks - DEBUG - Начало маскирования карты: 0000000000000000
2025-07-28 10:16:44,539 - masks - INFO - Успешное маскирование карты. Результат: 0000 00** **** 0000
2025-07-28 10:16:44,540 - masks - DEBUG - Начало маскирования карты: 9999888877776666
2025-07-28 10:16:44,540 - masks - INFO - Успешное маскирование карты. Результат: 9999 88** **** 6666
2025-07-28 10:16:44,542 - masks - DEBUG - Начало маскирования счета: 73654108430135874305
2025-07-28 10:16:44,542 - masks - INFO - Успешное маскирование счета. Результат: **4305
2025-07-28 10:16:44,544 - masks - DEBUG - Начало маскирования счета: 12345678901234567890
2025-07-28 10:16:44,544 - masks - INFO - Успешное маскирование счета. Результат: **7890
2025-07-28 10:16:44,545 - masks - DEBUG - Начало маскирования счета: 00000000000000000001
2025-07-28 10:16:44,545 - masks - INFO - Успешное маскирование счета. Результат: **0001
2025-07-28 10:16:44,547 - masks - DEBUG - Начало маскирования карты: 70007
2025-07-28 10:16:44,547 - masks - ERROR - Номер карты должен состоять из 16 цифр
2025-07-28 10:16:44,547 - masks - ERROR - Ошибка при маскировании карты: Номер карты должен состоять из 16 цифр
Traceback (most recent call last):
  File "C:\Users\Nikita\PycharmProjects\private_banking_portal\src\masks.py", line 20, in get_mask_card_number
    raise ValueError(error_msg)
ValueError: Номер карты должен состоять из 16 цифр
2025-07-28 10:16:44,549 - masks - DEBUG - Начало маскирования карты: abcdefghijklmnop
2025-07-28 10:16:44,549 - masks - ERROR - Номер карты должен состоять из 16 цифр
2025-07-28 10:16:44,549 - masks - ERROR - Ошибка при маскировании карты: Номер карты должен состоять из 16 цифр
Traceback (most recent call last):
  File "C:\Users\Nikita\PycharmProjects\private_banking_portal\src\masks.py", line 20, in get_mask_card_number
    raise ValueError(error_msg)
ValueError: Номер карты должен состоять из 16 цифр
2025-07-28 10:16:44,551 - masks - DEBUG - Начало маскирования карты: 123456781234567890
2025-07-28 10:16:44,551 - masks - ERROR - Номер карты должен состоять из 16 цифр
2025-07-28 10:16:44,551 - masks - ERROR - Ошибка при маскировании карты: Номер карты должен состоять из 16 цифр
Traceback (most recent call last):
  File "C:\Users\Nikita\PycharmProjects\private_banking_portal\src\masks.py", line 20, in get_mask_card_number
    raise ValueError(error_msg)
ValueError: Номер карты должен состоять из 16 цифр
2025-07-28 10:16:44,555 - masks - DEBUG - Начало маскирования счета: 7365
2025-07-28 10:16:44,555 - masks - ERROR - Номер счета должен состоять из цифр
2025-07-28 10:16:44,555 - masks - ERROR - Ошибка при маскировании счета: Номер счета должен состоять из цифр
Traceback (most recent call last):
  File "C:\Users\Nikita\PycharmProjects\private_banking_portal\src\masks.py", line 45, in get_mask_account
    raise ValueError(error_msg)
ValueError: Номер счета должен состоять из цифр
2025-07-28 10:16:44,557 - masks - DEBUG - Начало маскирования счета: abcdef
2025-07-28 10:16:44,557 - masks - ERROR - Номер счета должен состоять из цифр
2025-07-28 10:16:44,557 - masks - ERROR - Ошибка при маскировании счета: Номер счета должен состоять из цифр
Traceback (most recent call last):
  File "C:\Users\Nikita\PycharmProjects\private_banking_portal\src\masks.py", line 45, in get_mask_account
    raise ValueError(error_msg)
ValueError: Номер счета должен состоять из цифр
